A51 MACRO ASSEMBLER  10                                                                   10/01/2017 18:13:06 PAGE     1


MACRO ASSEMBLER A51 V8.2.5.0
OBJECT MODULE PLACED IN .\Objects\10.obj
ASSEMBLER INVOKED BY: C:\Users\Mariana\C51\BIN\A51.EXE 10.a51 SET(SMALL) DEBUG PRINT(.\Listings\10.lst) OBJECT(.\Objects
                      \10.obj) EP

LOC  OBJ            LINE     SOURCE

                       1     ;Hacer un programa que calcule la suma de los N primeros números pares. El rango de N es de
                              1 a 15. 

                       2     ;El número N se encuentra en el registro R0. El resultado debe guardarse en R1.            
                                  

                       3                     

  0021                 4                     CONT EQU 21H

                       5     

                       6                     

0000                   7                     ORG 0000H

0000 803E              8                     SJMP MAIN10

0040                   9                     ORG 0040H

0040 8821             10     MAIN10:         MOV CONT,R0     ;Mover del registro 0 el número a evaluar

0042 200802           11     BEGIN:          JB CONT.0, CONTINUE 

0045 2521             12                             ADD A,CONT

0047 D521F8           13     CONTINUE:       DJNZ CONT, BEGIN

004A F9               14                             MOV R1,A

                      15                             END;

                                                     

                                             

A51 MACRO ASSEMBLER  10                                                                   10/01/2017 18:13:06 PAGE     2

SYMBOL TABLE LISTING
------ ----- -------


N A M E             T Y P E  V A L U E   ATTRIBUTES

BEGIN. . . . . . .  C ADDR   0042H   A   
CONT . . . . . . .  N NUMB   0021H   A   
CONTINUE . . . . .  C ADDR   0047H   A   
MAIN10 . . . . . .  C ADDR   0040H   A   


REGISTER BANK(S) USED: 0 


ASSEMBLY COMPLETE.  0 WARNING(S), 0 ERROR(S)
