A51 MACRO ASSEMBLER  TEST_MOVX                                                            10/09/2017 23:47:41 PAGE     1


MACRO ASSEMBLER A51 V8.2.5.0
OBJECT MODULE PLACED IN .\Objects\test_movx.obj
ASSEMBLER INVOKED BY: C:\Users\Mariana\C51\BIN\A51.EXE Ejercicios de apoyo\test_movx.a51 SET(SMALL) DEBUG PRINT(.\Listin
                      gs\test_movx.lst) OBJECT(.\Objects\test_movx.obj) EP

LOC  OBJ            LINE     SOURCE

0000                   1                             ORG 0000H

0000 803E              2                             JMP     MAIN

0040                   3                             ORG 0040H

0040 901900            4     MAIN:           MOV DPTR,#1900H

0043 E0                5                             MOVX A,@DPTR

0044 04                6                             INC A

0045 F0                7                             MOVX @DPTR,A

0046 E0                8                             MOVX A,@DPTR

0047 758300            9                             MOV DPH,#00H

004A F582             10                             MOV DPL,A

004C E0               11                             MOVX A,@DPTR

                      12                             

004D 80FE             13                             JMP $

                      14                             END

                                                     

A51 MACRO ASSEMBLER  TEST_MOVX                                                            10/09/2017 23:47:41 PAGE     2

SYMBOL TABLE LISTING
------ ----- -------


N A M E             T Y P E  V A L U E   ATTRIBUTES

DPH. . . . . . . .  D ADDR   0083H   A   
DPL. . . . . . . .  D ADDR   0082H   A   
MAIN . . . . . . .  C ADDR   0040H   A   


REGISTER BANK(S) USED: 0 


ASSEMBLY COMPLETE.  0 WARNING(S), 0 ERROR(S)
